[{"start":0,"end":4,"scope":"storage.type.basic-type.d"},{"start":4,"end":5,"scope":"source.d"},{"start":5,"end":7,"scope":"entity.name.function.d"},{"start":7,"end":8,"scope":"source.d"},{"start":8,"end":9,"scope":"source.d"},{"start":9,"end":12,"scope":"source.d"}]
[{"start":0,"end":1,"scope":"source.d"},{"start":1,"end":2,"scope":"source.d"},{"start":2,"end":3,"scope":"source.d"},{"start":3,"end":4,"scope":"source.d"},{"start":4,"end":7,"scope":"source.d"},{"start":7,"end":9,"scope":"entity.name.function.d"},{"start":9,"end":10,"scope":"source.d"},{"start":10,"end":11,"scope":"source.d"},{"start":11,"end":12,"scope":"keyword.operator.semi-colon.d"},{"start":12,"end":15,"scope":"source.d"},{"start":15,"end":17,"scope":"meta.statement.end.d"}]
[{"start":0,"end":1,"scope":"source.d"},{"start":1,"end":2,"scope":"source.d"},{"start":2,"end":4,"scope":"source.d"},{"start":4,"end":6,"scope":"entity.name.function.d"},{"start":6,"end":7,"scope":"source.d"},{"start":7,"end":8,"scope":"source.d"},{"start":8,"end":11,"scope":"source.d"},{"start":11,"end":12,"scope":"source.d"},{"start":12,"end":14,"scope":"meta.statement.end.d"}]
[{"start":0,"end":2,"scope":"source.d"}]