[{"start":0,"end":4,"scope":"storage.type.basic-type.d"},{"start":4,"end":5,"scope":"source.d"},{"start":5,"end":9,"scope":"entity.name.function.d"},{"start":9,"end":10,"scope":"source.d"},{"start":10,"end":11,"scope":"source.d"},{"start":11,"end":14,"scope":"source.d"}]
[{"start":0,"end":1,"scope":"source.d"},{"start":1,"end":6,"scope":"variable.d"},{"start":6,"end":7,"scope":"source.d"},{"start":7,"end":8,"scope":"variable.d"},{"start":8,"end":10,"scope":"meta.statement.end.d"}]
[{"start":0,"end":1,"scope":"source.d"},{"start":1,"end":6,"scope":"support.type.cast.begin.d"},{"start":6,"end":11,"scope":"source.d"},{"start":11,"end":12,"scope":"support.type.cast.end.d"},{"start":12,"end":13,"scope":"constant.numeric.integer.decimal.d"},{"start":13,"end":15,"scope":"meta.statement.end.d"}]
[{"start":0,"end":1,"scope":"source.d"},{"start":1,"end":7,"scope":"variable.d"},{"start":7,"end":8,"scope":"source.d"},{"start":8,"end":9,"scope":"keyword.operator.assign.d"},{"start":9,"end":10,"scope":"source.d"},{"start":10,"end":11,"scope":"constant.numeric.integer.decimal.d"},{"start":11,"end":13,"scope":"meta.statement.end.d"}]
[{"start":0,"end":2,"scope":"source.d"}]