[{"start":0,"end":7,"scope":"storage.type.import.include.diet"},{"start":7,"end":8,"scope":"meta.first-class.diet"},{"start":8,"end":14,"scope":"entity.name.type.include.diet"}]
[{"start":0,"end":1,"scope":"source.diet"}]
[{"start":0,"end":5,"scope":"storage.type.import.include.diet"},{"start":5,"end":6,"scope":"meta.first-class.diet"},{"start":6,"end":13,"scope":"entity.name.type.include.diet"}]
[{"start":0,"end":1,"scope":"source.diet"},{"start":1,"end":2,"scope":"entity.name.tag.diet"},{"start":2,"end":5,"scope":"source.diet"}]